PASS __tests__/routes/students/enrollment.test.js
PASS __tests__/routes/students/crud/update.test.js
PASS __tests__/routes/students/rest.test.js
  ● Console

    console.error
      [ENCRYPTION] ⚠️ DATA_ENCRYPTION_KEY 미설정! 암호화 기능이 작동하지 않습니다.

      12 | // 프로덕션 환경에서 키 없으면 경고 (서버는 시작하지만 암호화 실패할 것)
      13 | if (!ENCRYPTION_KEY && process.env.NODE_ENV !== 'development') {
    > 14 |     console.error('[ENCRYPTION] ⚠️ DATA_ENCRYPTION_KEY 미설정! 암호화 기능이 작동하지 않습니다.');
         |             ^
      15 | }
      16 |
      17 | // 암호화 키를 32바이트로 맞추기

      at Object.error (utils/encryption.js:14:13)
      at Object.require (services/studentParentNameService.js:1:30)
      at Object.require (routes/students/rest/processRest.js:1:36)
      at Object.require (routes/students/rest.js:7:34)
      at require (__tests__/routes/students/rest.test.js:66:3)
      at Object.makeApp (__tests__/routes/students/rest.test.js:96:17)


Test Suites: 3 passed, 3 total
Tests:       61 passed, 61 total
Snapshots:   0 total
Time:        0.465 s, estimated 1 s
Ran all test suites matching /__tests__\/routes\/students\/enrollment.test.js|__tests__\/routes\/students\/rest.test.js|__tests__\/routes\/students\/crud\/update.test.js/i.
