Node v22.20.0; 168 files; max concurrency 4; new process per file; MySQL disabled
PASS __tests__/integration/maxlinkWebhookOutbox.mysql.test.js {"file":"__tests__/integration/maxlinkWebhookOutbox.mysql.test.js","exit_code":0,"port_start":20400,"suites_passed":0,"suites_failed":0,"suites_skipped":1,"tests_passed":0,"tests_failed":0,"tests_skipped":1,"log":"/tmp/peak-pack-20261006/isolated-files/2.log"}
PASS __tests__/integration/student-parent-names-mysql.test.js {"file":"__tests__/integration/student-parent-names-mysql.test.js","exit_code":0,"port_start":20000,"suites_passed":0,"suites_failed":0,"suites_skipped":1,"tests_passed":0,"tests_failed":0,"tests_skipped":7,"log":"/tmp/peak-pack-20261006/isolated-files/0.log"}
PASS __tests__/integration/native-agent-contract.test.js {"file":"__tests__/integration/native-agent-contract.test.js","exit_code":0,"port_start":20200,"suites_passed":0,"suites_failed":0,"suites_skipped":1,"tests_passed":0,"tests_failed":0,"tests_skipped":7,"log":"/tmp/peak-pack-20261006/isolated-files/1.log"}
PASS __tests__/integration/max-engine-settlement-mysql.test.js {"file":"__tests__/integration/max-engine-settlement-mysql.test.js","exit_code":0,"port_start":20600,"suites_passed":0,"suites_failed":0,"suites_skipped":1,"tests_passed":0,"tests_failed":0,"tests_skipped":10,"log":"/tmp/peak-pack-20261006/isolated-files/3.log"}
PASS __tests__/integration/max-engine-sync-mysql.test.js {"file":"__tests__/integration/max-engine-sync-mysql.test.js","exit_code":0,"port_start":20800,"suites_passed":0,"suites_failed":0,"suites_skipped":1,"tests_passed":0,"tests_failed":0,"tests_skipped":6,"log":"/tmp/peak-pack-20261006/isolated-files/4.log"}
PASS __tests__/integration/max-engine-efficient-mysql.test.js {"file":"__tests__/integration/max-engine-efficient-mysql.test.js","exit_code":0,"port_start":21400,"suites_passed":0,"suites_failed":0,"suites_skipped":1,"tests_passed":0,"tests_failed":0,"tests_skipped":8,"log":"/tmp/peak-pack-20261006/isolated-files/7.log"}
PASS __tests__/integration/max-engine-pack-mysql.test.js {"file":"__tests__/integration/max-engine-pack-mysql.test.js","exit_code":0,"port_start":21200,"suites_passed":0,"suites_failed":0,"suites_skipped":1,"tests_passed":0,"tests_failed":0,"tests_skipped":10,"log":"/tmp/peak-pack-20261006/isolated-files/6.log"}
PASS __tests__/integration/max-engine-full-mysql.test.js {"file":"__tests__/integration/max-engine-full-mysql.test.js","exit_code":0,"port_start":21000,"suites_passed":0,"suites_failed":0,"suites_skipped":1,"tests_passed":0,"tests_failed":0,"tests_skipped":30,"log":"/tmp/peak-pack-20261006/isolated-files/5.log"}
PASS __tests__/integration/max-engine-teaching-mysql.test.js {"file":"__tests__/integration/max-engine-teaching-mysql.test.js","exit_code":0,"port_start":21600,"suites_passed":0,"suites_failed":0,"suites_skipped":1,"tests_passed":0,"tests_failed":0,"tests_skipped":9,"log":"/tmp/peak-pack-20261006/isolated-files/8.log"}
PASS __tests__/routes/students/credits.test.js {"file":"__tests__/routes/students/credits.test.js","exit_code":0,"port_start":21800,"suites_passed":1,"suites_failed":0,"suites_skipped":0,"tests_passed":34,"tests_failed":0,"tests_skipped":0,"log":"/tmp/peak-pack-20261006/isolated-files/9.log"}
FAIL __tests__/routes/students/crud/import.test.js {"file":"__tests__/routes/students/crud/import.test.js","exit_code":1,"port_start":22000,"suites_passed":0,"suites_failed":1,"suites_skipped":0,"tests_passed":4,"tests_failed":2,"tests_skipped":0,"log":"/tmp/peak-pack-20261006/isolated-files/10.log"}
FAIL __tests__/routes/students/crud/import.test.js
  POST /paca/students/import
    ✕ 다운로드 양식 xlsx로 신규 학생을 일괄 등록한다 (32 ms)
    ✕ 이미 등록된 학생은 내부 오류 없이 건너뛴다 (31 ms)
    ✓ 선행반 한글값을 advance 입시유형으로 등록한다 (15 ms)
    ✓ 고3 선행반 행은 저장하지 않고 한국어 실패 사유를 반환한다 (12 ms)
    ✓ 학생등록양식의 상태 열로 체험생과 미등록 학생을 일괄 등록한다 (14 ms)
    ✓ 깨진 파일은 한국어 오류만 반환하고 내부 오류를 노출하지 않는다 (2 ms)

  ● POST /paca/students/import › 다운로드 양식 xlsx로 신규 학생을 일괄 등록한다

    TypeError: Cannot read properties of null (reading 'port')

      105 |
      106 |         const res = await request(makeApp())
    > 107 |             .post('/paca/students/import')
          |              ^
      108 |             .set('Content-Type', 'application/vnd.openxmlformats-officedocument.spreadsheetml.sheet')
      109 |             .send(Buffer.from(buffer));
      110 |

      at Test.serverAddress (../../../projects/pacapro-vultr-work/backend/node_modules/supertest/lib/test.js:49:31)
      at new Test (../../../projects/pacapro-vultr-work/backend/node_modules/supertest/lib/test.js:34:14)
      at Object.obj.<computed> [as post] (../../../projects/pacapro-vultr-work/backend/node_modules/supertest/index.js:43:18)
      at Object.post (__tests__/routes/students/crud/import.test.js:107:14)

  ● POST /paca/students/import › 이미 등록된 학생은 내부 오류 없이 건너뛴다

    listen EADDRINUSE: address already in use :::22000

      18 |     args[0] = { ...args[0], port: nextPort++ };
      19 |   }
    > 20 |   return originalListen.apply(this, args);
         |                         ^
      21 | };
      22 |

      at Server.http.Server.listen (../../../../../private/tmp/peak-pack-20261006/isolated-http-ports.cjs:20:25)
      at Test.serverAddress (../../../projects/pacapro-vultr-work/backend/node_modules/supertest/lib/test.js:48:35)
      at new Test (../../../projects/pacapro-vultr-work/backend/node_modules/supertest/lib/test.js:34:14)
      at Object.obj.<computed> [as post] (../../../projects/pacapro-vultr-work/backend/node_modules/supertest/index.js:43:18)
      at Object.post (__tests__/routes/students/crud/import.test.js:107:14)

Test Suites: 1 failed, 1 total
Tests:       2 failed, 4 passed, 6 total
Snapshots:   0 total
Time:        0.433 s, estimated 1 s
Ran all test suites within paths "/Users/etlab/worktrees/pacapro-peak-class-planning/backend/__tests__/routes/students/crud/import.test.js".
Test results written to: ../../../../../tmp/peak-pack-20261006/isolated-files/10.json

PASS __tests__/routes/maxEngine.test.js {"file":"__tests__/routes/maxEngine.test.js","exit_code":0,"port_start":22200,"suites_passed":1,"suites_failed":0,"suites_skipped":0,"tests_passed":11,"tests_failed":0,"tests_skipped":0,"log":"/tmp/peak-pack-20261006/isolated-files/11.log"}
PASS __tests__/routes/exports/students.test.js {"file":"__tests__/routes/exports/students.test.js","exit_code":0,"port_start":22400,"suites_passed":1,"suites_failed":0,"suites_skipped":0,"tests_passed":6,"tests_failed":0,"tests_skipped":0,"log":"/tmp/peak-pack-20261006/isolated-files/12.log"}
PASS __tests__/routes/consultations/write.test.js {"file":"__tests__/routes/consultations/write.test.js","exit_code":0,"port_start":22600,"suites_passed":1,"suites_failed":0,"suites_skipped":0,"tests_passed":14,"tests_failed":0,"tests_skipped":0,"log":"/tmp/peak-pack-20261006/isolated-files/13.log"}
PASS __tests__/services/maxEngineBusiness.test.js {"file":"__tests__/services/maxEngineBusiness.test.js","exit_code":0,"port_start":23000,"suites_passed":1,"suites_failed":0,"suites_skipped":0,"tests_passed":8,"tests_failed":0,"tests_skipped":0,"log":"/tmp/peak-pack-20261006/isolated-files/15.log"}
PASS __tests__/routes/exports/salaries.test.js {"file":"__tests__/routes/exports/salaries.test.js","exit_code":0,"port_start":22800,"suites_passed":1,"suites_failed":0,"suites_skipped":0,"tests_passed":6,"tests_failed":0,"tests_skipped":0,"log":"/tmp/peak-pack-20261006/isolated-files/14.log"}
PASS __tests__/routes/exports/financial.test.js {"file":"__tests__/routes/exports/financial.test.js","exit_code":0,"port_start":23200,"suites_passed":1,"suites_failed":0,"suites_skipped":0,"tests_passed":4,"tests_failed":0,"tests_skipped":0,"log":"/tmp/peak-pack-20261006/isolated-files/16.log"}
PASS __tests__/routes/exports/revenue.test.js {"file":"__tests__/routes/exports/revenue.test.js","exit_code":0,"port_start":23400,"suites_passed":1,"suites_failed":0,"suites_skipped":0,"tests_passed":5,"tests_failed":0,"tests_skipped":0,"log":"/tmp/peak-pack-20261006/isolated-files/17.log"}
PASS __tests__/routes/academyEvents.test.js {"file":"__tests__/routes/academyEvents.test.js","exit_code":0,"port_start":23600,"suites_passed":1,"suites_failed":0,"suites_skipped":0,"tests_passed":14,"tests_failed":0,"tests_skipped":0,"log":"/tmp/peak-pack-20261006/isolated-files/18.log"}
PASS __tests__/routes/exports/payments.test.js {"file":"__tests__/routes/exports/payments.test.js","exit_code":0,"port_start":23800,"suites_passed":1,"suites_failed":0,"suites_skipped":0,"tests_passed":5,"tests_failed":0,"tests_skipped":0,"log":"/tmp/peak-pack-20261006/isolated-files/19.log"}
PASS __tests__/models/maxEngineExercisePack.test.js {"file":"__tests__/models/maxEngineExercisePack.test.js","exit_code":0,"port_start":24400,"suites_passed":1,"suites_failed":0,"suites_skipped":0,"tests_passed":6,"tests_failed":0,"tests_skipped":0,"log":"/tmp/peak-pack-20261006/isolated-files/22.log"}
PASS __tests__/routes/exports/expenses.test.js {"file":"__tests__/routes/exports/expenses.test.js","exit_code":0,"port_start":24000,"suites_passed":1,"suites_failed":0,"suites_skipped":0,"tests_passed":4,"tests_failed":0,"tests_skipped":0,"log":"/tmp/peak-pack-20261006/isolated-files/20.log"}
PASS __tests__/routes/schedules/instructor-calendar.test.js {"file":"__tests__/routes/schedules/instructor-calendar.test.js","exit_code":0,"port_start":24200,"suites_passed":1,"suites_failed":0,"suites_skipped":0,"tests_passed":9,"tests_failed":0,"tests_skipped":0,"log":"/tmp/peak-pack-20261006/isolated-files/21.log"}
PASS __tests__/routes/exports/index.test.js {"file":"__tests__/routes/exports/index.test.js","exit_code":0,"port_start":24800,"suites_passed":1,"suites_failed":0,"suites_skipped":0,"tests_passed":5,"tests_failed":0,"tests_skipped":0,"log":"/tmp/peak-pack-20261006/isolated-files/24.log"}
PASS __tests__/routes/students/crud/update.test.js {"file":"__tests__/routes/students/crud/update.test.js","exit_code":0,"port_start":24600,"suites_passed":1,"suites_failed":0,"suites_skipped":0,"tests_passed":24,"tests_failed":0,"tests_skipped":0,"log":"/tmp/peak-pack-20261006/isolated-files/23.log"}
PASS __tests__/routes/notifications/index.test.js {"file":"__tests__/routes/notifications/index.test.js","exit_code":0,"port_start":25000,"suites_passed":1,"suites_failed":0,"suites_skipped":0,"tests_passed":5,"tests_failed":0,"tests_skipped":0,"log":"/tmp/peak-pack-20261006/isolated-files/25.log"}
PASS __tests__/routes/consultations/settings.test.js {"file":"__tests__/routes/consultations/settings.test.js","exit_code":0,"port_start":25200,"suites_passed":1,"suites_failed":0,"suites_skipped":0,"tests_passed":13,"tests_failed":0,"tests_skipped":0,"log":"/tmp/peak-pack-20261006/isolated-files/26.log"}
PASS __tests__/services/maxEngineFull.test.js {"file":"__tests__/services/maxEngineFull.test.js","exit_code":0,"port_start":25400,"suites_passed":1,"suites_failed":0,"suites_skipped":0,"tests_passed":5,"tests_failed":0,"tests_skipped":0,"log":"/tmp/peak-pack-20261006/isolated-files/27.log"}
PASS __tests__/routes/students/enrollment.test.js {"file":"__tests__/routes/students/enrollment.test.js","exit_code":0,"port_start":25600,"suites_passed":1,"suites_failed":0,"suites_skipped":0,"tests_passed":26,"tests_failed":0,"tests_skipped":0,"log":"/tmp/peak-pack-20261006/isolated-files/28.log"}
PASS __tests__/routes/seasons/crud.test.js {"file":"__tests__/routes/seasons/crud.test.js","exit_code":0,"port_start":25800,"suites_passed":1,"suites_failed":0,"suites_skipped":0,"tests_passed":19,"tests_failed":0,"tests_skipped":0,"log":"/tmp/peak-pack-20261006/isolated-files/29.log"}
PASS __tests__/routes/toss/index.test.js {"file":"__tests__/routes/toss/index.test.js","exit_code":0,"port_start":26200,"suites_passed":1,"suites_failed":0,"suites_skipped":0,"tests_passed":5,"tests_failed":0,"tests_skipped":0,"log":"/tmp/peak-pack-20261006/isolated-files/31.log"}
PASS __tests__/routes/notifications/send/webhooks.test.js {"file":"__tests__/routes/notifications/send/webhooks.test.js","exit_code":0,"port_start":26000,"suites_passed":1,"suites_failed":0,"suites_skipped":0,"tests_passed":21,"tests_failed":0,"tests_skipped":0,"log":"/tmp/peak-pack-20261006/isolated-files/30.log"}
PASS __tests__/routes/payments/index.test.js {"file":"__tests__/routes/payments/index.test.js","exit_code":0,"port_start":26400,"suites_passed":1,"suites_failed":0,"suites_skipped":0,"tests_passed":5,"tests_failed":0,"tests_skipped":0,"log":"/tmp/peak-pack-20261006/isolated-files/32.log"}
PASS __tests__/routes/seasons/index.test.js {"file":"__tests__/routes/seasons/index.test.js","exit_code":0,"port_start":26600,"suites_passed":1,"suites_failed":0,"suites_skipped":0,"tests_passed":5,"tests_failed":0,"tests_skipped":0,"log":"/tmp/peak-pack-20261006/isolated-files/33.log"}
PASS __tests__/routes/salaries/crud.test.js {"file":"__tests__/routes/salaries/crud.test.js","exit_code":0,"port_start":26800,"suites_passed":1,"suites_failed":0,"suites_skipped":0,"tests_passed":20,"tests_failed":0,"tests_skipped":0,"log":"/tmp/peak-pack-20261006/isolated-files/34.log"}
PASS __tests__/routes/schedules/index.test.js {"file":"__tests__/routes/schedules/index.test.js","exit_code":0,"port_start":27200,"suites_passed":1,"suites_failed":0,"suites_skipped":0,"tests_passed":5,"tests_failed":0,"tests_skipped":0,"log":"/tmp/peak-pack-20261006/isolated-files/36.log"}
PASS __tests__/routes/instructors/crud.test.js {"file":"__tests__/routes/instructors/crud.test.js","exit_code":0,"port_start":27000,"suites_passed":1,"suites_failed":0,"suites_skipped":0,"tests_passed":23,"tests_failed":0,"tests_skipped":0,"log":"/tmp/peak-pack-20261006/isolated-files/35.log"}
PASS __tests__/routes/salaries/index.test.js {"file":"__tests__/routes/salaries/index.test.js","exit_code":0,"port_start":27400,"suites_passed":1,"suites_failed":0,"suites_skipped":0,"tests_passed":5,"tests_failed":0,"tests_skipped":0,"log":"/tmp/peak-pack-20261006/isolated-files/37.log"}
PASS __tests__/routes/instructors/index.test.js {"file":"__tests__/routes/instructors/index.test.js","exit_code":0,"port_start":27600,"suites_passed":1,"suites_failed":0,"suites_skipped":0,"tests_passed":5,"tests_failed":0,"tests_skipped":0,"log":"/tmp/peak-pack-20261006/isolated-files/38.log"}
PASS __tests__/routes/consultations/index.test.js {"file":"__tests__/routes/consultations/index.test.js","exit_code":0,"port_start":28000,"suites_passed":1,"suites_failed":0,"suites_skipped":0,"tests_passed":5,"tests_failed":0,"tests_skipped":0,"log":"/tmp/peak-pack-20261006/isolated-files/40.log"}
PASS __tests__/routes/seasons/enroll.test.js {"file":"__tests__/routes/seasons/enroll.test.js","exit_code":0,"port_start":27800,"suites_passed":1,"suites_failed":0,"suites_skipped":0,"tests_passed":18,"tests_failed":0,"tests_skipped":0,"log":"/tmp/peak-pack-20261006/isolated-files/39.log"}
PASS __tests__/routes/students/crud/create.test.js {"file":"__tests__/routes/students/crud/create.test.js","exit_code":0,"port_start":28200,"suites_passed":1,"suites_failed":0,"suites_skipped":0,"tests_passed":15,"tests_failed":0,"tests_skipped":0,"log":"/tmp/peak-pack-20261006/isolated-files/41.log"}
PASS __tests__/routes/notifications/test/sens.test.js {"file":"__tests__/routes/notifications/test/sens.test.js","exit_code":0,"port_start":28400,"suites_passed":1,"suites_failed":0,"suites_skipped":0,"tests_passed":17,"tests_failed":0,"tests_skipped":0,"log":"/tmp/peak-pack-20261006/isolated-files/42.log"}
PASS __tests__/routes/students/photo.test.js {"file":"__tests__/routes/students/photo.test.js","exit_code":0,"port_start":28600,"suites_passed":1,"suites_failed":0,"suites_skipped":0,"tests_passed":6,"tests_failed":0,"tests_skipped":0,"log":"/tmp/peak-pack-20261006/isolated-files/43.log"}
PASS __tests__/routes/instructors/overtime.test.js {"file":"__tests__/routes/instructors/overtime.test.js","exit_code":0,"port_start":28800,"suites_passed":1,"suites_failed":0,"suites_skipped":0,"tests_passed":19,"tests_failed":0,"tests_skipped":0,"log":"/tmp/peak-pack-20261006/isolated-files/44.log"}
PASS __tests__/routes/notifications/test/solapi.test.js {"file":"__tests__/routes/notifications/test/solapi.test.js","exit_code":0,"port_start":29000,"suites_passed":1,"suites_failed":0,"suites_skipped":0,"tests_passed":18,"tests_failed":0,"tests_skipped":0,"log":"/tmp/peak-pack-20261006/isolated-files/45.log"}
PASS __tests__/routes/toss/admin.test.js {"file":"__tests__/routes/toss/admin.test.js","exit_code":0,"port_start":29200,"suites_passed":1,"suites_failed":0,"suites_skipped":0,"tests_passed":16,"tests_failed":0,"tests_skipped":0,"log":"/tmp/peak-pack-20261006/isolated-files/46.log"}
PASS __tests__/routes/students/rest-resume.test.js {"file":"__tests__/routes/students/rest-resume.test.js","exit_code":0,"port_start":29400,"suites_passed":1,"suites_failed":0,"suites_skipped":0,"tests_passed":12,"tests_failed":0,"tests_skipped":0,"log":"/tmp/peak-pack-20261006/isolated-files/47.log"}
PASS __tests__/routes/schedules/slot.test.js {"file":"__tests__/routes/schedules/slot.test.js","exit_code":0,"port_start":29600,"suites_passed":1,"suites_failed":0,"suites_skipped":0,"tests_passed":17,"tests_failed":0,"tests_skipped":0,"log":"/tmp/peak-pack-20261006/isolated-files/48.log"}
PASS __tests__/routes/schedules/instructor-schedules.test.js {"file":"__tests__/routes/schedules/instructor-schedules.test.js","exit_code":0,"port_start":29800,"suites_passed":1,"suites_failed":0,"suites_skipped":0,"tests_passed":15,"tests_failed":0,"tests_skipped":0,"log":"/tmp/peak-pack-20261006/isolated-files/49.log"}
PASS __tests__/routes/schedules/attendance.test.js {"file":"__tests__/routes/schedules/attendance.test.js","exit_code":0,"port_start":30000,"suites_passed":1,"suites_failed":0,"suites_skipped":0,"tests_passed":12,"tests_failed":0,"tests_skipped":0,"log":"/tmp/peak-pack-20261006/isolated-files/50.log"}
PASS __tests__/routes/payments/list.test.js {"file":"__tests__/routes/payments/list.test.js","exit_code":0,"port_start":30200,"suites_passed":1,"suites_failed":0,"suites_skipped":0,"tests_passed":14,"tests_failed":0,"tests_skipped":0,"log":"/tmp/peak-pack-20261006/isolated-files/51.log"}
PASS __tests__/routes/schedules/crud.test.js {"file":"__tests__/routes/schedules/crud.test.js","exit_code":0,"port_start":30400,"suites_passed":1,"suites_failed":0,"suites_skipped":0,"tests_passed":18,"tests_failed":0,"tests_skipped":0,"log":"/tmp/peak-pack-20261006/isolated-files/52.log"}
PASS __tests__/routes/seasons/students.test.js {"file":"__tests__/routes/seasons/students.test.js","exit_code":0,"port_start":30600,"suites_passed":1,"suites_failed":0,"suites_skipped":0,"tests_passed":10,"tests_failed":0,"tests_skipped":0,"log":"/tmp/peak-pack-20261006/isolated-files/53.log"}
PASS __tests__/routes/payments/crud.test.js {"file":"__tests__/routes/payments/crud.test.js","exit_code":0,"port_start":30800,"suites_passed":1,"suites_failed":0,"suites_skipped":0,"tests_passed":18,"tests_failed":0,"tests_skipped":0,"log":"/tmp/peak-pack-20261006/isolated-files/54.log"}
PASS __tests__/routes/notifications/logs.test.js {"file":"__tests__/routes/notifications/logs.test.js","exit_code":0,"port_start":31000,"suites_passed":1,"suites_failed":0,"suites_skipped":0,"tests_passed":10,"tests_failed":0,"tests_skipped":0,"log":"/tmp/peak-pack-20261006/isolated-files/55.log"}
PASS __tests__/routes/jungsi/familyScores.test.js {"file":"__tests__/routes/jungsi/familyScores.test.js","exit_code":0,"port_start":31200,"suites_passed":1,"suites_failed":0,"suites_skipped":0,"tests_passed":4,"tests_failed":0,"tests_skipped":0,"log":"/tmp/peak-pack-20261006/isolated-files/56.log"}
PASS __tests__/routes/notifications/test/unpaid.test.js {"file":"__tests__/routes/notifications/test/unpaid.test.js","exit_code":0,"port_start":31400,"suites_passed":1,"suites_failed":0,"suites_skipped":0,"tests_passed":11,"tests_failed":0,"tests_skipped":0,"log":"/tmp/peak-pack-20261006/isolated-files/57.log"}
PASS __tests__/routes/notifications/send/auto.test.js {"file":"__tests__/routes/notifications/send/auto.test.js","exit_code":0,"port_start":31600,"suites_passed":1,"suites_failed":0,"suites_skipped":0,"tests_passed":11,"tests_failed":0,"tests_skipped":0,"log":"/tmp/peak-pack-20261006/isolated-files/58.log"}
PASS __tests__/routes/seasons/enrollments.test.js {"file":"__tests__/routes/seasons/enrollments.test.js","exit_code":0,"port_start":31800,"suites_passed":1,"suites_failed":0,"suites_skipped":0,"tests_passed":14,"tests_failed":0,"tests_skipped":0,"log":"/tmp/peak-pack-20261006/isolated-files/59.log"}
PASS __tests__/routes/seasons/list.test.js {"file":"__tests__/routes/seasons/list.test.js","exit_code":0,"port_start":32200,"suites_passed":1,"suites_failed":0,"suites_skipped":0,"tests_passed":10,"tests_failed":0,"tests_skipped":0,"log":"/tmp/peak-pack-20261006/isolated-files/61.log"}
PASS __tests__/routes/schedules/instructor-attendance.test.js {"file":"__tests__/routes/schedules/instructor-attendance.test.js","exit_code":0,"port_start":32000,"suites_passed":1,"suites_failed":0,"suites_skipped":0,"tests_passed":14,"tests_failed":0,"tests_skipped":0,"log":"/tmp/peak-pack-20261006/isolated-files/60.log"}
PASS __tests__/routes/salaries/calculation.test.js {"file":"__tests__/routes/salaries/calculation.test.js","exit_code":0,"port_start":32400,"suites_passed":1,"suites_failed":0,"suites_skipped":0,"tests_passed":13,"tests_failed":0,"tests_skipped":0,"log":"/tmp/peak-pack-20261006/isolated-files/62.log"}
PASS __tests__/routes/payments/bulk.test.js {"file":"__tests__/routes/payments/bulk.test.js","exit_code":0,"port_start":32600,"suites_passed":1,"suites_failed":0,"suites_skipped":0,"tests_passed":15,"tests_failed":0,"tests_skipped":0,"log":"/tmp/peak-pack-20261006/isolated-files/63.log"}
PASS __tests__/services/maxEngineParentPhones.test.js {"file":"__tests__/services/maxEngineParentPhones.test.js","exit_code":0,"port_start":32800,"suites_passed":1,"suites_failed":0,"suites_skipped":0,"tests_passed":9,"tests_failed":0,"tests_skipped":0,"log":"/tmp/peak-pack-20261006/isolated-files/64.log"}
PASS __tests__/routes/notifications/send/manual.test.js {"file":"__tests__/routes/notifications/send/manual.test.js","exit_code":0,"port_start":33000,"suites_passed":1,"suites_failed":0,"suites_skipped":0,"tests_passed":13,"tests_failed":0,"tests_skipped":0,"log":"/tmp/peak-pack-20261006/isolated-files/65.log"}
PASS __tests__/services/maxEngineFullAuth.test.js {"file":"__tests__/services/maxEngineFullAuth.test.js","exit_code":0,"port_start":33600,"suites_passed":1,"suites_failed":0,"suites_skipped":0,"tests_passed":7,"tests_failed":0,"tests_skipped":0,"log":"/tmp/peak-pack-20261006/isolated-files/68.log"}
PASS __tests__/routes/payments/prepaid.test.js {"file":"__tests__/routes/payments/prepaid.test.js","exit_code":0,"port_start":33200,"suites_passed":1,"suites_failed":0,"suites_skipped":0,"tests_passed":12,"tests_failed":0,"tests_skipped":0,"log":"/tmp/peak-pack-20261006/isolated-files/66.log"}
PASS __tests__/routes/payments/pay.test.js {"file":"__tests__/routes/payments/pay.test.js","exit_code":0,"port_start":33400,"suites_passed":1,"suites_failed":0,"suites_skipped":0,"tests_passed":12,"tests_failed":0,"tests_skipped":0,"log":"/tmp/peak-pack-20261006/isolated-files/67.log"}
PASS __tests__/routes/toss/callbacks.test.js {"file":"__tests__/routes/toss/callbacks.test.js","exit_code":0,"port_start":33800,"suites_passed":1,"suites_failed":0,"suites_skipped":0,"tests_passed":11,"tests_failed":0,"tests_skipped":0,"log":"/tmp/peak-pack-20261006/isolated-files/69.log"}
PASS __tests__/routes/students/crud/remove.test.js {"file":"__tests__/routes/students/crud/remove.test.js","exit_code":0,"port_start":34000,"suites_passed":1,"suites_failed":0,"suites_skipped":0,"tests_passed":6,"tests_failed":0,"tests_skipped":0,"log":"/tmp/peak-pack-20261006/isolated-files/70.log"}
PASS __tests__/routes/students/crud/list.test.js {"file":"__tests__/routes/students/crud/list.test.js","exit_code":0,"port_start":34200,"suites_passed":1,"suites_failed":0,"suites_skipped":0,"tests_passed":12,"tests_failed":0,"tests_skipped":0,"log":"/tmp/peak-pack-20261006/isolated-files/71.log"}
PASS __tests__/routes/students/rest.test.js {"file":"__tests__/routes/students/rest.test.js","exit_code":0,"port_start":34400,"suites_passed":1,"suites_failed":0,"suites_skipped":0,"tests_passed":7,"tests_failed":0,"tests_skipped":0,"log":"/tmp/peak-pack-20261006/isolated-files/72.log"}
PASS __tests__/routes/sms/parent-targets.test.js {"file":"__tests__/routes/sms/parent-targets.test.js","exit_code":0,"port_start":34600,"suites_passed":1,"suites_failed":0,"suites_skipped":0,"tests_passed":5,"tests_failed":0,"tests_skipped":0,"log":"/tmp/peak-pack-20261006/isolated-files/73.log"}
PASS __tests__/routes/notifications/settings.test.js {"file":"__tests__/routes/notifications/settings.test.js","exit_code":0,"port_start":34800,"suites_passed":1,"suites_failed":0,"suites_skipped":0,"tests_passed":10,"tests_failed":0,"tests_skipped":0,"log":"/tmp/peak-pack-20261006/isolated-files/74.log"}
PASS __tests__/routes/consultations/learning.test.js {"file":"__tests__/routes/consultations/learning.test.js","exit_code":0,"port_start":35000,"suites_passed":1,"suites_failed":0,"suites_skipped":0,"tests_passed":10,"tests_failed":0,"tests_skipped":0,"log":"/tmp/peak-pack-20261006/isolated-files/75.log"}
PASS __tests__/routes/students/classDays.test.js {"file":"__tests__/routes/students/classDays.test.js","exit_code":0,"port_start":35200,"suites_passed":1,"suites_failed":0,"suites_skipped":0,"tests_passed":2,"tests_failed":0,"tests_skipped":0,"log":"/tmp/peak-pack-20261006/isolated-files/76.log"}
PASS __tests__/routes/salaries/payment.test.js {"file":"__tests__/routes/salaries/payment.test.js","exit_code":0,"port_start":35400,"suites_passed":1,"suites_failed":0,"suites_skipped":0,"tests_passed":9,"tests_failed":0,"tests_skipped":0,"log":"/tmp/peak-pack-20261006/isolated-files/77.log"}
PASS __tests__/routes/jungsi/status-link.test.js {"file":"__tests__/routes/jungsi/status-link.test.js","exit_code":0,"port_start":35600,"suites_passed":1,"suites_failed":0,"suites_skipped":0,"tests_passed":5,"tests_failed":0,"tests_skipped":0,"log":"/tmp/peak-pack-20261006/isolated-files/78.log"}
PASS __tests__/routes/instructors/attendance.test.js {"file":"__tests__/routes/instructors/attendance.test.js","exit_code":0,"port_start":35800,"suites_passed":1,"suites_failed":0,"suites_skipped":0,"tests_passed":10,"tests_failed":0,"tests_skipped":0,"log":"/tmp/peak-pack-20261006/isolated-files/79.log"}
PASS __tests__/routes/consultations/conversion.test.js {"file":"__tests__/routes/consultations/conversion.test.js","exit_code":0,"port_start":36000,"suites_passed":1,"suites_failed":0,"suites_skipped":0,"tests_passed":12,"tests_failed":0,"tests_skipped":0,"log":"/tmp/peak-pack-20261006/isolated-files/80.log"}
PASS __tests__/routes/students/crud/search.test.js {"file":"__tests__/routes/students/crud/search.test.js","exit_code":0,"port_start":36200,"suites_passed":1,"suites_failed":0,"suites_skipped":0,"tests_passed":5,"tests_failed":0,"tests_skipped":0,"log":"/tmp/peak-pack-20261006/isolated-files/81.log"}
PASS __tests__/routes/students/crud/detail.test.js {"file":"__tests__/routes/students/crud/detail.test.js","exit_code":0,"port_start":36400,"suites_passed":1,"suites_failed":0,"suites_skipped":0,"tests_passed":7,"tests_failed":0,"tests_skipped":0,"log":"/tmp/peak-pack-20261006/isolated-files/82.log"}
PASS __tests__/routes/toss/plugin.test.js {"file":"__tests__/routes/toss/plugin.test.js","exit_code":0,"port_start":36600,"suites_passed":1,"suites_failed":0,"suites_skipped":0,"tests_passed":9,"tests_failed":0,"tests_skipped":0,"log":"/tmp/peak-pack-20261006/isolated-files/83.log"}
PASS __tests__/routes/settings-academy.test.js {"file":"__tests__/routes/settings-academy.test.js","exit_code":0,"port_start":36800,"suites_passed":1,"suites_failed":0,"suites_skipped":0,"tests_passed":2,"tests_failed":0,"tests_skipped":0,"log":"/tmp/peak-pack-20261006/isolated-files/84.log"}
PASS __tests__/max-engine-settlement.test.js {"file":"__tests__/max-engine-settlement.test.js","exit_code":0,"port_start":37000,"suites_passed":1,"suites_failed":0,"suites_skipped":0,"tests_passed":6,"tests_failed":0,"tests_skipped":0,"log":"/tmp/peak-pack-20261006/isolated-files/85.log"}
PASS __tests__/routes/sms/academy-scope.test.js {"file":"__tests__/routes/sms/academy-scope.test.js","exit_code":0,"port_start":37200,"suites_passed":1,"suites_failed":0,"suites_skipped":0,"tests_passed":3,"tests_failed":0,"tests_skipped":0,"log":"/tmp/peak-pack-20261006/isolated-files/86.log"}
PASS __tests__/routes/payments/cancel.test.js {"file":"__tests__/routes/payments/cancel.test.js","exit_code":0,"port_start":37400,"suites_passed":1,"suites_failed":0,"suites_skipped":0,"tests_passed":7,"tests_failed":0,"tests_skipped":0,"log":"/tmp/peak-pack-20261006/isolated-files/87.log"}
PASS __tests__/routes/instructors/auth.test.js {"file":"__tests__/routes/instructors/auth.test.js","exit_code":0,"port_start":37800,"suites_passed":1,"suites_failed":0,"suites_skipped":0,"tests_passed":5,"tests_failed":0,"tests_skipped":0,"log":"/tmp/peak-pack-20261006/isolated-files/89.log"}
PASS __tests__/routes/jungsi/scores.test.js {"file":"__tests__/routes/jungsi/scores.test.js","exit_code":0,"port_start":37600,"suites_passed":1,"suites_failed":0,"suites_skipped":0,"tests_passed":3,"tests_failed":0,"tests_skipped":0,"log":"/tmp/peak-pack-20261006/isolated-files/88.log"}
PASS __tests__/routes/settings.test.js {"file":"__tests__/routes/settings.test.js","exit_code":0,"port_start":38000,"suites_passed":1,"suites_failed":0,"suites_skipped":0,"tests_passed":4,"tests_failed":0,"tests_skipped":0,"log":"/tmp/peak-pack-20261006/isolated-files/90.log"}
PASS __tests__/routes/reports.test.js {"file":"__tests__/routes/reports.test.js","exit_code":0,"port_start":38200,"suites_passed":1,"suites_failed":0,"suites_skipped":0,"tests_passed":3,"tests_failed":0,"tests_skipped":0,"log":"/tmp/peak-pack-20261006/isolated-files/91.log"}
PASS __tests__/routes/toss/settings.test.js {"file":"__tests__/routes/toss/settings.test.js","exit_code":0,"port_start":38600,"suites_passed":1,"suites_failed":0,"suites_skipped":0,"tests_passed":8,"tests_failed":0,"tests_skipped":0,"log":"/tmp/peak-pack-20261006/isolated-files/93.log"}
PASS __tests__/routes/auth-register.test.js {"file":"__tests__/routes/auth-register.test.js","exit_code":0,"port_start":38400,"suites_passed":1,"suites_failed":0,"suites_skipped":0,"tests_passed":6,"tests_failed":0,"tests_skipped":0,"log":"/tmp/peak-pack-20261006/isolated-files/92.log"}
PASS __tests__/routes/schedules/list.test.js {"file":"__tests__/routes/schedules/list.test.js","exit_code":0,"port_start":38800,"suites_passed":1,"suites_failed":0,"suites_skipped":0,"tests_passed":7,"tests_failed":0,"tests_skipped":0,"log":"/tmp/peak-pack-20261006/isolated-files/94.log"}
PASS __tests__/routes/consultations/list-detail.test.js {"file":"__tests__/routes/consultations/list-detail.test.js","exit_code":0,"port_start":39200,"suites_passed":1,"suites_failed":0,"suites_skipped":0,"tests_passed":8,"tests_failed":0,"tests_skipped":0,"log":"/tmp/peak-pack-20261006/isolated-files/96.log"}
PASS __tests__/routes/settings/database-reset.test.js {"file":"__tests__/routes/settings/database-reset.test.js","exit_code":0,"port_start":39000,"suites_passed":1,"suites_failed":0,"suites_skipped":0,"tests_passed":3,"tests_failed":0,"tests_skipped":0,"log":"/tmp/peak-pack-20261006/isolated-files/95.log"}
PASS __tests__/routes/consultations/calendar.test.js {"file":"__tests__/routes/consultations/calendar.test.js","exit_code":0,"port_start":39400,"suites_passed":1,"suites_failed":0,"suites_skipped":0,"tests_passed":7,"tests_failed":0,"tests_skipped":0,"log":"/tmp/peak-pack-20261006/isolated-files/97.log"}
PASS __tests__/models/maxEngineTeaching.test.js {"file":"__tests__/models/maxEngineTeaching.test.js","exit_code":0,"port_start":40200,"suites_passed":1,"suites_failed":0,"suites_skipped":0,"tests_passed":6,"tests_failed":0,"tests_skipped":0,"log":"/tmp/peak-pack-20261006/isolated-files/101.log"}
PASS __tests__/routes/payments/credits.test.js {"file":"__tests__/routes/payments/credits.test.js","exit_code":0,"port_start":40000,"suites_passed":1,"suites_failed":0,"suites_skipped":0,"tests_passed":6,"tests_failed":0,"tests_skipped":0,"log":"/tmp/peak-pack-20261006/isolated-files/100.log"}
PASS __tests__/routes/consultationCandidates.test.js {"file":"__tests__/routes/consultationCandidates.test.js","exit_code":0,"port_start":39600,"suites_passed":1,"suites_failed":0,"suites_skipped":0,"tests_passed":3,"tests_failed":0,"tests_skipped":0,"log":"/tmp/peak-pack-20261006/isolated-files/98.log"}
PASS __tests__/routes/schedules/attendance-state.test.js {"file":"__tests__/routes/schedules/attendance-state.test.js","exit_code":0,"port_start":39800,"suites_passed":1,"suites_failed":0,"suites_skipped":0,"tests_passed":3,"tests_failed":0,"tests_skipped":0,"log":"/tmp/peak-pack-20261006/isolated-files/99.log"}
PASS __tests__/routes/studentContext.test.js {"file":"__tests__/routes/studentContext.test.js","exit_code":0,"port_start":40400,"suites_passed":1,"suites_failed":0,"suites_skipped":0,"tests_passed":2,"tests_failed":0,"tests_skipped":0,"log":"/tmp/peak-pack-20261006/isolated-files/102.log"}
PASS __tests__/routes/staff.test.js {"file":"__tests__/routes/staff.test.js","exit_code":0,"port_start":40600,"suites_passed":1,"suites_failed":0,"suites_skipped":0,"tests_passed":1,"tests_failed":0,"tests_skipped":0,"log":"/tmp/peak-pack-20261006/isolated-files/103.log"}
PASS __tests__/routes/schedules/fix-all.test.js {"file":"__tests__/routes/schedules/fix-all.test.js","exit_code":0,"port_start":40800,"suites_passed":1,"suites_failed":0,"suites_skipped":0,"tests_passed":3,"tests_failed":0,"tests_skipped":0,"log":"/tmp/peak-pack-20261006/isolated-files/104.log"}
PASS __tests__/routes/settings/academy.test.js {"file":"__tests__/routes/settings/academy.test.js","exit_code":0,"port_start":41000,"suites_passed":1,"suites_failed":0,"suites_skipped":0,"tests_passed":4,"tests_failed":0,"tests_skipped":0,"log":"/tmp/peak-pack-20261006/isolated-files/105.log"}
PASS __tests__/routes/public-reservation-api.test.js {"file":"__tests__/routes/public-reservation-api.test.js","exit_code":0,"port_start":41200,"suites_passed":1,"suites_failed":0,"suites_skipped":0,"tests_passed":4,"tests_failed":0,"tests_skipped":0,"log":"/tmp/peak-pack-20261006/isolated-files/106.log"}
PASS __tests__/routes/peakSso.test.js {"file":"__tests__/routes/peakSso.test.js","exit_code":0,"port_start":41400,"suites_passed":1,"suites_failed":0,"suites_skipped":0,"tests_passed":1,"tests_failed":0,"tests_skipped":0,"log":"/tmp/peak-pack-20261006/isolated-files/107.log"}
PASS __tests__/routes/payments/stats.test.js {"file":"__tests__/routes/payments/stats.test.js","exit_code":0,"port_start":41800,"suites_passed":1,"suites_failed":0,"suites_skipped":0,"tests_passed":4,"tests_failed":0,"tests_skipped":0,"log":"/tmp/peak-pack-20261006/isolated-files/109.log"}
PASS __tests__/routes/students/firstPayment.test.js {"file":"__tests__/routes/students/firstPayment.test.js","exit_code":0,"port_start":41600,"suites_passed":1,"suites_failed":0,"suites_skipped":0,"tests_passed":1,"tests_failed":0,"tests_skipped":0,"log":"/tmp/peak-pack-20261006/isolated-files/108.log"}
PASS __tests__/routes/maxEnginePrivacy.test.js {"file":"__tests__/routes/maxEnginePrivacy.test.js","exit_code":0,"port_start":42000,"suites_passed":1,"suites_failed":0,"suites_skipped":0,"tests_passed":1,"tests_failed":0,"tests_skipped":0,"log":"/tmp/peak-pack-20261006/isolated-files/110.log"}
PASS __tests__/routes/notifications/send/index.test.js {"file":"__tests__/routes/notifications/send/index.test.js","exit_code":0,"port_start":42600,"suites_passed":1,"suites_failed":0,"suites_skipped":0,"tests_passed":5,"tests_failed":0,"tests_skipped":0,"log":"/tmp/peak-pack-20261006/isolated-files/113.log"}
PASS __tests__/services/bridgePacaReadAdapter.test.js {"file":"__tests__/services/bridgePacaReadAdapter.test.js","exit_code":0,"port_start":42200,"suites_passed":1,"suites_failed":0,"suites_skipped":0,"tests_passed":4,"tests_failed":0,"tests_skipped":0,"log":"/tmp/peak-pack-20261006/isolated-files/111.log"}
PASS __tests__/routes/auth-me.test.js {"file":"__tests__/routes/auth-me.test.js","exit_code":0,"port_start":42400,"suites_passed":1,"suites_failed":0,"suites_skipped":0,"tests_passed":1,"tests_failed":0,"tests_skipped":0,"log":"/tmp/peak-pack-20261006/isolated-files/112.log"}
PASS __tests__/services/maxEngineEfficient.test.js {"file":"__tests__/services/maxEngineEfficient.test.js","exit_code":0,"port_start":42800,"suites_passed":1,"suites_failed":0,"suites_skipped":0,"tests_passed":3,"tests_failed":0,"tests_skipped":0,"log":"/tmp/peak-pack-20261006/isolated-files/114.log"}
PASS __tests__/realtime/attendanceRealtime.test.js {"file":"__tests__/realtime/attendanceRealtime.test.js","exit_code":0,"port_start":43000,"suites_passed":1,"suites_failed":0,"suites_skipped":0,"tests_passed":10,"tests_failed":0,"tests_skipped":0,"log":"/tmp/peak-pack-20261006/isolated-files/115.log"}
PASS __tests__/routes/students/crud/index.test.js {"file":"__tests__/routes/students/crud/index.test.js","exit_code":0,"port_start":43200,"suites_passed":1,"suites_failed":0,"suites_skipped":0,"tests_passed":5,"tests_failed":0,"tests_skipped":0,"log":"/tmp/peak-pack-20261006/isolated-files/116.log"}
PASS __tests__/utils/salaryCalculator.test.js {"file":"__tests__/utils/salaryCalculator.test.js","exit_code":0,"port_start":43400,"suites_passed":1,"suites_failed":0,"suites_skipped":0,"tests_passed":27,"tests_failed":0,"tests_skipped":0,"log":"/tmp/peak-pack-20261006/isolated-files/117.log"}
PASS __tests__/routes/notifications/test/index.test.js {"file":"__tests__/routes/notifications/test/index.test.js","exit_code":0,"port_start":43600,"suites_passed":1,"suites_failed":0,"suites_skipped":0,"tests_passed":4,"tests_failed":0,"tests_skipped":0,"log":"/tmp/peak-pack-20261006/isolated-files/118.log"}
PASS __tests__/utils/attendanceValidator.test.js {"file":"__tests__/utils/attendanceValidator.test.js","exit_code":0,"port_start":43800,"suites_passed":1,"suites_failed":0,"suites_skipped":0,"tests_passed":11,"tests_failed":0,"tests_skipped":0,"log":"/tmp/peak-pack-20261006/isolated-files/119.log"}
PASS __tests__/services/restCreditRecalculationService.test.js {"file":"__tests__/services/restCreditRecalculationService.test.js","exit_code":0,"port_start":44000,"suites_passed":1,"suites_failed":0,"suites_skipped":0,"tests_passed":10,"tests_failed":0,"tests_skipped":0,"log":"/tmp/peak-pack-20261006/isolated-files/120.log"}
PASS __tests__/scheduler/paymentScheduler.test.js {"file":"__tests__/scheduler/paymentScheduler.test.js","exit_code":0,"port_start":44200,"suites_passed":1,"suites_failed":0,"suites_skipped":0,"tests_passed":3,"tests_failed":0,"tests_skipped":0,"log":"/tmp/peak-pack-20261006/isolated-files/121.log"}
PASS __tests__/services/trialStatusService.test.js {"file":"__tests__/services/trialStatusService.test.js","exit_code":0,"port_start":44400,"suites_passed":1,"suites_failed":0,"suites_skipped":0,"tests_passed":9,"tests_failed":0,"tests_skipped":0,"log":"/tmp/peak-pack-20261006/isolated-files/122.log"}
PASS __tests__/services/studentParentNameService.test.js {"file":"__tests__/services/studentParentNameService.test.js","exit_code":0,"port_start":44600,"suites_passed":1,"suites_failed":0,"suites_skipped":0,"tests_passed":14,"tests_failed":0,"tests_skipped":0,"log":"/tmp/peak-pack-20261006/isolated-files/123.log"}
PASS __tests__/services/studentPhotoStorage.test.js {"file":"__tests__/services/studentPhotoStorage.test.js","exit_code":0,"port_start":44800,"suites_passed":1,"suites_failed":0,"suites_skipped":0,"tests_passed":4,"tests_failed":0,"tests_skipped":0,"log":"/tmp/peak-pack-20261006/isolated-files/124.log"}
PASS __tests__/models/maxEngineSyncPage.test.js {"file":"__tests__/models/maxEngineSyncPage.test.js","exit_code":0,"port_start":45000,"suites_passed":1,"suites_failed":0,"suites_skipped":0,"tests_passed":3,"tests_failed":0,"tests_skipped":0,"log":"/tmp/peak-pack-20261006/isolated-files/125.log"}
PASS __tests__/middleware/expectedAcademy.test.js {"file":"__tests__/middleware/expectedAcademy.test.js","exit_code":0,"port_start":45200,"suites_passed":1,"suites_failed":0,"suites_skipped":0,"tests_passed":8,"tests_failed":0,"tests_skipped":0,"log":"/tmp/peak-pack-20261006/isolated-files/126.log"}
PASS __tests__/routes/notifications/_utils.test.js {"file":"__tests__/routes/notifications/_utils.test.js","exit_code":0,"port_start":45400,"suites_passed":1,"suites_failed":0,"suites_skipped":0,"tests_passed":25,"tests_failed":0,"tests_skipped":0,"log":"/tmp/peak-pack-20261006/isolated-files/127.log"}
PASS __tests__/services/studentParentContactService.test.js {"file":"__tests__/services/studentParentContactService.test.js","exit_code":0,"port_start":45600,"suites_passed":1,"suites_failed":0,"suites_skipped":0,"tests_passed":12,"tests_failed":0,"tests_skipped":0,"log":"/tmp/peak-pack-20261006/isolated-files/128.log"}
PASS __tests__/services/maxlinkWebhookClient.test.js {"file":"__tests__/services/maxlinkWebhookClient.test.js","exit_code":0,"port_start":45800,"suites_passed":1,"suites_failed":0,"suites_skipped":0,"tests_passed":3,"tests_failed":0,"tests_skipped":0,"log":"/tmp/peak-pack-20261006/isolated-files/129.log"}
PASS __tests__/services/maxEngineSync.test.js {"file":"__tests__/services/maxEngineSync.test.js","exit_code":0,"port_start":46000,"suites_passed":1,"suites_failed":0,"suites_skipped":0,"tests_passed":2,"tests_failed":0,"tests_skipped":0,"log":"/tmp/peak-pack-20261006/isolated-files/130.log"}
PASS __tests__/services/consultationCandidateService.test.js {"file":"__tests__/services/consultationCandidateService.test.js","exit_code":0,"port_start":46200,"suites_passed":1,"suites_failed":0,"suites_skipped":0,"tests_passed":7,"tests_failed":0,"tests_skipped":0,"log":"/tmp/peak-pack-20261006/isolated-files/131.log"}
PASS __tests__/repositories/trialStatusRepository.test.js {"file":"__tests__/repositories/trialStatusRepository.test.js","exit_code":0,"port_start":46400,"suites_passed":1,"suites_failed":0,"suites_skipped":0,"tests_passed":4,"tests_failed":0,"tests_skipped":0,"log":"/tmp/peak-pack-20261006/isolated-files/132.log"}
PASS __tests__/repositories/seasonGraduationRepository.test.js {"file":"__tests__/repositories/seasonGraduationRepository.test.js","exit_code":0,"port_start":46600,"suites_passed":1,"suites_failed":0,"suites_skipped":0,"tests_passed":2,"tests_failed":0,"tests_skipped":0,"log":"/tmp/peak-pack-20261006/isolated-files/133.log"}
PASS __tests__/repositories/databaseResetRepository.test.js {"file":"__tests__/repositories/databaseResetRepository.test.js","exit_code":0,"port_start":46800,"suites_passed":1,"suites_failed":0,"suites_skipped":0,"tests_passed":2,"tests_failed":0,"tests_skipped":0,"log":"/tmp/peak-pack-20261006/isolated-files/134.log"}
PASS __tests__/utils/proratedPaymentDueDate.test.js {"file":"__tests__/utils/proratedPaymentDueDate.test.js","exit_code":0,"port_start":47000,"suites_passed":1,"suites_failed":0,"suites_skipped":0,"tests_passed":8,"tests_failed":0,"tests_skipped":0,"log":"/tmp/peak-pack-20261006/isolated-files/135.log"}
PASS __tests__/utils/env-validator.test.js {"file":"__tests__/utils/env-validator.test.js","exit_code":0,"port_start":47200,"suites_passed":1,"suites_failed":0,"suites_skipped":0,"tests_passed":3,"tests_failed":0,"tests_skipped":0,"log":"/tmp/peak-pack-20261006/isolated-files/136.log"}
PASS __tests__/utils/peakSso.test.js {"file":"__tests__/utils/peakSso.test.js","exit_code":0,"port_start":47400,"suites_passed":1,"suites_failed":0,"suites_skipped":0,"tests_passed":2,"tests_failed":0,"tests_skipped":0,"log":"/tmp/peak-pack-20261006/isolated-files/137.log"}
PASS __tests__/scheduler/notificationScheduler.test.js {"file":"__tests__/scheduler/notificationScheduler.test.js","exit_code":0,"port_start":47600,"suites_passed":1,"suites_failed":0,"suites_skipped":0,"tests_passed":9,"tests_failed":0,"tests_skipped":0,"log":"/tmp/peak-pack-20261006/isolated-files/138.log"}
PASS __tests__/scheduler/gradePromotionScheduler.test.js {"file":"__tests__/scheduler/gradePromotionScheduler.test.js","exit_code":0,"port_start":47800,"suites_passed":1,"suites_failed":0,"suites_skipped":0,"tests_passed":4,"tests_failed":0,"tests_skipped":0,"log":"/tmp/peak-pack-20261006/isolated-files/139.log"}
PASS __tests__/config/maxlinkWebhook.test.js {"file":"__tests__/config/maxlinkWebhook.test.js","exit_code":0,"port_start":48000,"suites_passed":1,"suites_failed":0,"suites_skipped":0,"tests_passed":3,"tests_failed":0,"tests_skipped":0,"log":"/tmp/peak-pack-20261006/isolated-files/140.log"}
PASS __tests__/routes/notifications/send/utils.test.js {"file":"__tests__/routes/notifications/send/utils.test.js","exit_code":0,"port_start":48200,"suites_passed":1,"suites_failed":0,"suites_skipped":0,"tests_passed":5,"tests_failed":0,"tests_skipped":0,"log":"/tmp/peak-pack-20261006/isolated-files/141.log"}
PASS __tests__/routes/jungsi/autoDiscovery.test.js {"file":"__tests__/routes/jungsi/autoDiscovery.test.js","exit_code":0,"port_start":48400,"suites_passed":1,"suites_failed":0,"suites_skipped":0,"tests_passed":5,"tests_failed":0,"tests_skipped":0,"log":"/tmp/peak-pack-20261006/isolated-files/142.log"}
PASS __tests__/services/studentContextService.test.js {"file":"__tests__/services/studentContextService.test.js","exit_code":0,"port_start":48600,"suites_passed":1,"suites_failed":0,"suites_skipped":0,"tests_passed":2,"tests_failed":0,"tests_skipped":0,"log":"/tmp/peak-pack-20261006/isolated-files/143.log"}
PASS __tests__/services/seasonGraduationService.test.js {"file":"__tests__/services/seasonGraduationService.test.js","exit_code":0,"port_start":48800,"suites_passed":1,"suites_failed":0,"suites_skipped":0,"tests_passed":2,"tests_failed":0,"tests_skipped":0,"log":"/tmp/peak-pack-20261006/isolated-files/144.log"}
PASS __tests__/services/seasonAftercarePolicy.test.js {"file":"__tests__/services/seasonAftercarePolicy.test.js","exit_code":0,"port_start":49000,"suites_passed":1,"suites_failed":0,"suites_skipped":0,"tests_passed":7,"tests_failed":0,"tests_skipped":0,"log":"/tmp/peak-pack-20261006/isolated-files/145.log"}
PASS __tests__/services/maxlinkWebhookDispatcher.test.js {"file":"__tests__/services/maxlinkWebhookDispatcher.test.js","exit_code":0,"port_start":49200,"suites_passed":1,"suites_failed":0,"suites_skipped":0,"tests_passed":3,"tests_failed":0,"tests_skipped":0,"log":"/tmp/peak-pack-20261006/isolated-files/146.log"}
PASS __tests__/services/onboardingService.test.js {"file":"__tests__/services/onboardingService.test.js","exit_code":0,"port_start":49400,"suites_passed":1,"suites_failed":0,"suites_skipped":0,"tests_passed":1,"tests_failed":0,"tests_skipped":0,"log":"/tmp/peak-pack-20261006/isolated-files/147.log"}
PASS __tests__/services/instructorCalendarService.test.js {"file":"__tests__/services/instructorCalendarService.test.js","exit_code":0,"port_start":49600,"suites_passed":1,"suites_failed":0,"suites_skipped":0,"tests_passed":7,"tests_failed":0,"tests_skipped":0,"log":"/tmp/peak-pack-20261006/isolated-files/148.log"}
PASS __tests__/services/consultationBridgeService.test.js {"file":"__tests__/services/consultationBridgeService.test.js","exit_code":0,"port_start":49800,"suites_passed":1,"suites_failed":0,"suites_skipped":0,"tests_passed":10,"tests_failed":0,"tests_skipped":0,"log":"/tmp/peak-pack-20261006/isolated-files/149.log"}
PASS __tests__/services/adminSignupNotifier.test.js {"file":"__tests__/services/adminSignupNotifier.test.js","exit_code":0,"port_start":50000,"suites_passed":1,"suites_failed":0,"suites_skipped":0,"tests_passed":3,"tests_failed":0,"tests_skipped":0,"log":"/tmp/peak-pack-20261006/isolated-files/150.log"}
PASS __tests__/utils/respond.test.js {"file":"__tests__/utils/respond.test.js","exit_code":0,"port_start":50200,"suites_passed":1,"suites_failed":0,"suites_skipped":0,"tests_passed":10,"tests_failed":0,"tests_skipped":0,"log":"/tmp/peak-pack-20261006/isolated-files/151.log"}
PASS __tests__/utils/errorHandler.test.js {"file":"__tests__/utils/errorHandler.test.js","exit_code":0,"port_start":50400,"suites_passed":1,"suites_failed":0,"suites_skipped":0,"tests_passed":10,"tests_failed":0,"tests_skipped":0,"log":"/tmp/peak-pack-20261006/isolated-files/152.log"}
PASS __tests__/repositories/maxlinkWebhookOutbox.test.js {"file":"__tests__/repositories/maxlinkWebhookOutbox.test.js","exit_code":0,"port_start":50600,"suites_passed":1,"suites_failed":0,"suites_skipped":0,"tests_passed":2,"tests_failed":0,"tests_skipped":0,"log":"/tmp/peak-pack-20261006/isolated-files/153.log"}
PASS __tests__/repositories/restCreditRepository.test.js {"file":"__tests__/repositories/restCreditRepository.test.js","exit_code":0,"port_start":50800,"suites_passed":1,"suites_failed":0,"suites_skipped":0,"tests_passed":3,"tests_failed":0,"tests_skipped":0,"log":"/tmp/peak-pack-20261006/isolated-files/154.log"}
PASS __tests__/middleware/auth.test.js {"file":"__tests__/middleware/auth.test.js","exit_code":0,"port_start":51000,"suites_passed":1,"suites_failed":0,"suites_skipped":0,"tests_passed":8,"tests_failed":0,"tests_skipped":0,"log":"/tmp/peak-pack-20261006/isolated-files/155.log"}
PASS __tests__/routes/notifications/test/utils.test.js {"file":"__tests__/routes/notifications/test/utils.test.js","exit_code":0,"port_start":51200,"suites_passed":1,"suites_failed":0,"suites_skipped":0,"tests_passed":4,"tests_failed":0,"tests_skipped":0,"log":"/tmp/peak-pack-20261006/isolated-files/156.log"}
PASS __tests__/services/studentGradePromotionService.test.js {"file":"__tests__/services/studentGradePromotionService.test.js","exit_code":0,"port_start":51400,"suites_passed":1,"suites_failed":0,"suites_skipped":0,"tests_passed":6,"tests_failed":0,"tests_skipped":0,"log":"/tmp/peak-pack-20261006/isolated-files/157.log"}
PASS __tests__/utils/studentNumberGenerator.test.js {"file":"__tests__/utils/studentNumberGenerator.test.js","exit_code":0,"port_start":51600,"suites_passed":1,"suites_failed":0,"suites_skipped":0,"tests_passed":9,"tests_failed":0,"tests_skipped":0,"log":"/tmp/peak-pack-20261006/isolated-files/158.log"}
PASS __tests__/utils/dueDateCalculator.test.js {"file":"__tests__/utils/dueDateCalculator.test.js","exit_code":0,"port_start":51800,"suites_passed":1,"suites_failed":0,"suites_skipped":0,"tests_passed":15,"tests_failed":0,"tests_skipped":0,"log":"/tmp/peak-pack-20261006/isolated-files/159.log"}
PASS __tests__/services/userService.test.js {"file":"__tests__/services/userService.test.js","exit_code":0,"port_start":52000,"suites_passed":1,"suites_failed":0,"suites_skipped":0,"tests_passed":2,"tests_failed":0,"tests_skipped":0,"log":"/tmp/peak-pack-20261006/isolated-files/160.log"}
PASS __tests__/services/studentAdmissionBoth.test.js {"file":"__tests__/services/studentAdmissionBoth.test.js","exit_code":0,"port_start":52200,"suites_passed":1,"suites_failed":0,"suites_skipped":0,"tests_passed":2,"tests_failed":0,"tests_skipped":0,"log":"/tmp/peak-pack-20261006/isolated-files/161.log"}
PASS __tests__/services/instructorMonthlyScheduleService.test.js {"file":"__tests__/services/instructorMonthlyScheduleService.test.js","exit_code":0,"port_start":52400,"suites_passed":1,"suites_failed":0,"suites_skipped":0,"tests_passed":3,"tests_failed":0,"tests_skipped":0,"log":"/tmp/peak-pack-20261006/isolated-files/162.log"}
PASS __tests__/services/academyEventService.test.js {"file":"__tests__/services/academyEventService.test.js","exit_code":0,"port_start":52600,"suites_passed":1,"suites_failed":0,"suites_skipped":0,"tests_passed":7,"tests_failed":0,"tests_skipped":0,"log":"/tmp/peak-pack-20261006/isolated-files/163.log"}
PASS __tests__/scheduler/seasonLifecycleScheduler.test.js {"file":"__tests__/scheduler/seasonLifecycleScheduler.test.js","exit_code":0,"port_start":52800,"suites_passed":1,"suites_failed":0,"suites_skipped":0,"tests_passed":1,"tests_failed":0,"tests_skipped":0,"log":"/tmp/peak-pack-20261006/isolated-files/164.log"}
PASS __tests__/routes/student-consultations-academy-scope.test.js {"file":"__tests__/routes/student-consultations-academy-scope.test.js","exit_code":0,"port_start":53000,"suites_passed":1,"suites_failed":0,"suites_skipped":0,"tests_passed":1,"tests_failed":0,"tests_skipped":0,"log":"/tmp/peak-pack-20261006/isolated-files/165.log"}
PASS __tests__/routes/public-reservation-scope.test.js {"file":"__tests__/routes/public-reservation-scope.test.js","exit_code":0,"port_start":53200,"suites_passed":1,"suites_failed":0,"suites_skipped":0,"tests_passed":3,"tests_failed":0,"tests_skipped":0,"log":"/tmp/peak-pack-20261006/isolated-files/166.log"}
PASS __tests__/migrations/studentAdmissionTypeMigration.test.js {"file":"__tests__/migrations/studentAdmissionTypeMigration.test.js","exit_code":0,"port_start":53400,"suites_passed":1,"suites_failed":0,"suites_skipped":0,"tests_passed":2,"tests_failed":0,"tests_skipped":0,"log":"/tmp/peak-pack-20261006/isolated-files/167.log"}
SUMMARY {"node":"v22.20.0","max_concurrency":4,"files":168,"elapsed_seconds":15.48,"process_failures":1,"suites":{"passed":158,"failed":1,"skipped":9},"tests":{"passed":1277,"failed":2,"skipped":88},"failed":[{"file":"__tests__/routes/students/crud/import.test.js","exit_code":1,"port_start":22000,"suites_passed":0,"suites_failed":1,"suites_skipped":0,"tests_passed":4,"tests_failed":2,"tests_skipped":0,"log":"/tmp/peak-pack-20261006/isolated-files/10.log"}]}
FAILED-FILE FIXTURE RETRY
PASS __tests__/routes/students/crud/import.test.js
  POST /paca/students/import
    ✓ 다운로드 양식 xlsx로 신규 학생을 일괄 등록한다 (48 ms)
    ✓ 이미 등록된 학생은 내부 오류 없이 건너뛴다 (9 ms)
    ✓ 선행반 한글값을 advance 입시유형으로 등록한다 (7 ms)
    ✓ 고3 선행반 행은 저장하지 않고 한국어 실패 사유를 반환한다 (6 ms)
    ✓ 학생등록양식의 상태 열로 체험생과 미등록 학생을 일괄 등록한다 (7 ms)
    ✓ 깨진 파일은 한국어 오류만 반환하고 내부 오류를 노출하지 않는다 (1 ms)

Test Suites: 1 passed, 1 total
Tests:       6 passed, 6 total
Snapshots:   0 total
Time:        0.423 s, estimated 1 s
Ran all test suites within paths "__tests__/routes/students/crud/import.test.js".
Test results written to: ../../../../../tmp/peak-pack-20261006/isolated-files/10-retry.json

FINAL VERIFIED SUMMARY {"node":"v22.20.0","max_concurrency":4,"files":168,"initial_elapsed_seconds":15.48,"suites":{"passed":159,"failed":0,"skipped":9},"tests":{"passed":1279,"failed":0,"skipped":88},"fixture_retry":{"file":"__tests__/routes/students/crud/import.test.js","reason":"Port 22000 was already bound by syncthing (PID 1604); explicit EADDRINUSE","initial_port":22000,"retry_port":55000,"initial_failed_tests":2,"retry_passed_tests":6,"initial_log":"/tmp/peak-pack-20261006/isolated-files/10.log","retry_log":"/tmp/peak-pack-20261006/isolated-files/10-retry.log"},"isolation":"New Node22 process per file, maximum four concurrent, dedicated port ranges, MySQL disabled","root_cause_evidence":"/tmp/peak-pack-20261006/ipv4-ipv6-reproduction.log","results_log":"/tmp/peak-pack-20261006/paca-full-isolated-files.log","initial_results":"/tmp/peak-pack-20261006/summary.initial.json"}
